Copyright 1986-2022 Xilinx, Inc. All Rights Reserved. Copyright 2022-2025 Advanced Micro Devices, Inc. All Rights Reserved.
----------------------------------------------------------------------------------------------------------------------------------------------------
| Tool Version     : Vivado v.2025.1 (lin64) Build 6140274 Wed May 21 22:58:25 MDT 2025
| Date             : Sun Apr 12 15:53:30 2026
| Host             : torradeira running 64-bit Ubuntu 22.04.5 LTS
| Command          : report_power -file controller_power_routed.rpt -pb controller_power_summary_routed.pb -rpx controller_power_routed.rpx
| Design           : controller
| Device           : xc7z010clg400-1
| Design State     : routed
| Grade            : commercial
| Process          : typical
| Characterization : Production
----------------------------------------------------------------------------------------------------------------------------------------------------

Power Report

Table of Contents
-----------------
1. Summary
1.1 On-Chip Components
1.2 Power Supply Summary
1.3 Confidence Level
2. Settings
2.1 Environment
2.2 Clock Constraints
3. Detailed Reports
3.1 By Hierarchy

1. Summary
----------

+--------------------------+--------------+
| Total On-Chip Power (W)  | 1.779        |
| Design Power Budget (W)  | Unspecified* |
| Power Budget Margin (W)  | NA           |
| Dynamic (W)              | 1.653        |
| Device Static (W)        | 0.126        |
| Effective TJA (C/W)      | 11.5         |
| Max Ambient (C)          | 64.5         |
| Junction Temperature (C) | 45.5         |
| Confidence Level         | Medium       |
| Setting File             | ---          |
| Simulation Activity File | ---          |
| Design Nets Matched      | NA           |
+--------------------------+--------------+
* Specify Design Power Budget using, set_operating_conditions -design_power_budget <value in Watts>


1.1 On-Chip Components
----------------------

+--------------------------+-----------+----------+-----------+-----------------+
| On-Chip                  | Power (W) | Used     | Available | Utilization (%) |
+--------------------------+-----------+----------+-----------+-----------------+
| Clocks                   |     0.013 |        9 |       --- |             --- |
| Slice Logic              |     0.003 |     9925 |       --- |             --- |
|   LUT as Logic           |     0.003 |     3008 |     17600 |           17.09 |
|   LUT as Distributed RAM |    <0.001 |      124 |      6000 |            2.07 |
|   CARRY4                 |    <0.001 |      130 |      4400 |            2.95 |
|   Register               |    <0.001 |     4730 |     35200 |           13.44 |
|   LUT as Shift Register  |    <0.001 |      228 |      6000 |            3.80 |
|   F7/F8 Muxes            |    <0.001 |        3 |     17600 |            0.02 |
|   Others                 |     0.000 |      746 |       --- |             --- |
| Signals                  |     0.004 |     7044 |       --- |             --- |
| Block RAM                |     0.002 |        8 |        60 |           13.33 |
| MMCM                     |     0.226 |        2 |         2 |          100.00 |
| I/O                      |    <0.001 |       16 |       100 |           16.00 |
| PS7                      |     1.404 |        1 |       --- |             --- |
| Static Power             |     0.126 |          |           |                 |
| Total                    |     1.779 |          |           |                 |
+--------------------------+-----------+----------+-----------+-----------------+


1.2 Power Supply Summary
------------------------

+-----------+-------------+-----------+-------------+------------+-------------+-------------+------------+
| Source    | Voltage (V) | Total (A) | Dynamic (A) | Static (A) | Powerup (A) | Budget (A)  | Margin (A) |
+-----------+-------------+-----------+-------------+------------+-------------+-------------+------------+
| Vccint    |       1.000 |     0.031 |       0.023 |      0.008 |       NA    | Unspecified | NA         |
| Vccaux    |       1.800 |     0.134 |       0.125 |      0.008 |       NA    | Unspecified | NA         |
| Vcco33    |       3.300 |     0.001 |       0.000 |      0.001 |       NA    | Unspecified | NA         |
| Vcco25    |       2.500 |     0.000 |       0.000 |      0.000 |       NA    | Unspecified | NA         |
| Vcco18    |       1.800 |     0.000 |       0.000 |      0.000 |       NA    | Unspecified | NA         |
| Vcco15    |       1.500 |     0.000 |       0.000 |      0.000 |       NA    | Unspecified | NA         |
| Vcco135   |       1.350 |     0.000 |       0.000 |      0.000 |       NA    | Unspecified | NA         |
| Vcco12    |       1.200 |     0.000 |       0.000 |      0.000 |       NA    | Unspecified | NA         |
| Vccaux_io |       1.800 |     0.000 |       0.000 |      0.000 |       NA    | Unspecified | NA         |
| Vccbram   |       1.000 |     0.001 |       0.000 |      0.001 |       NA    | Unspecified | NA         |
| MGTAVcc   |       1.000 |     0.000 |       0.000 |      0.000 |       NA    | Unspecified | NA         |
| MGTAVtt   |       1.200 |     0.000 |       0.000 |      0.000 |       NA    | Unspecified | NA         |
| MGTVccaux |       1.800 |     0.000 |       0.000 |      0.000 |       NA    | Unspecified | NA         |
| Vccpint   |       1.000 |     0.753 |       0.722 |      0.031 |       NA    | Unspecified | NA         |
| Vccpaux   |       1.800 |     0.061 |       0.051 |      0.010 |       NA    | Unspecified | NA         |
| Vccpll    |       1.800 |     0.017 |       0.014 |      0.003 |       NA    | Unspecified | NA         |
| Vcco_ddr  |       1.350 |     0.413 |       0.411 |      0.002 |       NA    | Unspecified | NA         |
| Vcco_mio0 |       3.300 |     0.003 |       0.002 |      0.001 |       NA    | Unspecified | NA         |
| Vcco_mio1 |       1.800 |     0.003 |       0.002 |      0.001 |       NA    | Unspecified | NA         |
| Vccadc    |       1.800 |     0.020 |       0.000 |      0.020 |       NA    | Unspecified | NA         |
+-----------+-------------+-----------+-------------+------------+-------------+-------------+------------+


1.3 Confidence Level
--------------------

+-----------------------------+------------+-------------------------------------------------------+------------------------------------------------------------------------------------------------------------+
| User Input Data             | Confidence | Details                                               | Action                                                                                                     |
+-----------------------------+------------+-------------------------------------------------------+------------------------------------------------------------------------------------------------------------+
| Design implementation state | High       | Design is routed                                      |                                                                                                            |
| Clock nodes activity        | High       | User specified more than 95% of clocks                |                                                                                                            |
| I/O nodes activity          | Medium     | More than 5% of inputs are missing user specification | Provide missing input activity with simulation results or by editing the "By Resource Type -> I/Os" view   |
| Internal nodes activity     | Medium     | User specified less than 25% of internal nodes        | Provide missing internal nodes activity with simulation results or by editing the "By Resource Type" views |
| Device models               | High       | Device models are Production                          |                                                                                                            |
|                             |            |                                                       |                                                                                                            |
| Overall confidence level    | Medium     |                                                       |                                                                                                            |
+-----------------------------+------------+-------------------------------------------------------+------------------------------------------------------------------------------------------------------------+


2. Settings
-----------

2.1 Environment
---------------

+-----------------------+------------------------+
| Ambient Temp (C)      | 25.0                   |
| ThetaJA (C/W)         | 11.5                   |
| Airflow (LFM)         | 250                    |
| Heat Sink             | none                   |
| ThetaSA (C/W)         | 0.0                    |
| Board Selection       | medium (10"x10")       |
| # of Board Layers     | 8to11 (8 to 11 Layers) |
| Board Temperature (C) | 25.0                   |
+-----------------------+------------------------+


2.2 Clock Constraints
---------------------

+--------------------------------------------------------------------------------------------+-----------------------------------------------------------------------------------+-----------------+
| Clock                                                                                      | Domain                                                                            | Constraint (ns) |
+--------------------------------------------------------------------------------------------+-----------------------------------------------------------------------------------+-----------------+
| clk_fpga_0                                                                                 | periph_vga/u_system/vga_system_i/processing_system7_0/inst/FCLK_CLK_unbuffered[0] |            10.0 |
| clk_out1_clk_wiz_0                                                                         | u_clk_wiz/inst/clk_out1_clk_wiz_0                                                 |            20.0 |
| clk_pixel_vga_system_clk_wiz_0_1                                                           | periph_vga/u_system/vga_system_i/clk_wiz_0/inst/clk_pixel_vga_system_clk_wiz_0_1  |            39.7 |
| clkfbout_clk_wiz_0                                                                         | u_clk_wiz/inst/clkfbout_clk_wiz_0                                                 |             8.0 |
| clkfbout_vga_system_clk_wiz_0_1                                                            | periph_vga/u_system/vga_system_i/clk_wiz_0/inst/clkfbout_vga_system_clk_wiz_0_1   |            48.0 |
| dbg_hub/inst/BSCANID.u_xsdbm_id/SWITCH_N_EXT_BSCAN.bscan_inst/SERIES7_BSCAN.bscan_inst/TCK | dbg_hub/inst/BSCANID.u_xsdbm_id/SWITCH_N_EXT_BSCAN.bscan_inst/TCK                 |            33.0 |
| i_clk                                                                                      | i_clk                                                                             |             8.0 |
+--------------------------------------------------------------------------------------------+-----------------------------------------------------------------------------------+-----------------+


3. Detailed Reports
-------------------

3.1 By Hierarchy
----------------

+--------------------------+-----------+
| Name                     | Power (W) |
+--------------------------+-----------+
| controller               |     1.653 |
|   dbg_hub                |     0.002 |
|     inst                 |     0.002 |
|       BSCANID.u_xsdbm_id |     0.002 |
|   periph_vga             |     1.542 |
|     u_system             |     1.542 |
|       vga_system_i       |     1.542 |
|   u_clk_wiz              |     0.106 |
|     inst                 |     0.106 |
|   u_ila_0                |     0.003 |
|     inst                 |     0.003 |
|       ila_core_inst      |     0.003 |
+--------------------------+-----------+


