Parse succeeded. AST:
TRANSLATION_UNIT
├── FUNCTION (add)
│   ├── TYPE (int)
│   ├── VAR_DECL (a)
│   │   └── TYPE (int)
│   ├── VAR_DECL (b)
│   │   └── TYPE (int)
│   └── BLOCK
│       └── RETURN
│           └── OPERATOR (+)
│               ├── IDENTIFIER (a)
│               └── IDENTIFIER (b)
└── FUNCTION (main)
    ├── TYPE (int)
    └── BLOCK
        ├── VAR_DECL (out)
        │   └── TYPE (int)
        ├── OPERATOR (=)
        │   ├── IDENTIFIER (out)
        │   └── FUNC_CALL (add)
        │       ├── IDENTIFIER (add)
        │       ├── INTEGER (3)
        │       └── INTEGER (4)
        └── RETURN
            └── IDENTIFIER (out)
