Parse succeeded. AST:
TRANSLATION_UNIT
├── STRUCT_DECL (Ponto)
│   ├── STRUCT_MEMBER (x)
│   │   └── TYPE (int)
│   └── STRUCT_MEMBER (y)
│       └── TYPE (int)
└── FUNCTION (main)
    ├── TYPE (int)
    └── BLOCK
        ├── VAR_DECL (p)
        │   └── TYPE (struct)
        │       └── IDENTIFIER (Ponto)
        ├── VAR_DECL (limit)
        │   └── TYPE (int)
        ├── OPERATOR (=)
        │   ├── IDENTIFIER (limit)
        │   └── INTEGER (1)
        ├── VAR_DECL (a)
        │   └── TYPE (int)
        ├── OPERATOR (=)
        │   ├── IDENTIFIER (a)
        │   └── INTEGER (10)
        ├── OPERATOR (=)
        │   ├── IDENTIFIER (a)
        │   └── TERNARY
        │       ├── IDENTIFIER (limit)
        │       ├── INTEGER (50)
        │       └── IDENTIFIER (p)
        └── RETURN
            └── INTEGER (0)
