Parse succeeded. AST:
TRANSLATION_UNIT
└── FUNCTION (main)
    ├── TYPE (int)
    └── BLOCK
        ├── VAR_DECL (x)
        │   └── TYPE (int)
        ├── OPERATOR (=)
        │   ├── IDENTIFIER (x)
        │   └── INTEGER (0)
        ├── VAR_DECL (y)
        │   └── TYPE (int)
        ├── OPERATOR (=)
        │   ├── IDENTIFIER (y)
        │   └── INTEGER (0)
        ├── VAR_DECL (abc)
        │   └── TYPE (int)
        ├── OPERATOR (=)
        │   ├── IDENTIFIER (abc)
        │   └── INTEGER (1)
        ├── VAR_DECL (z)
        │   └── TYPE (int)
        ├── OPERATOR (=)
        │   ├── IDENTIFIER (z)
        │   └── OPERATOR (+)
        │       ├── IDENTIFIER (x)
        │       └── IDENTIFIER (w)
        ├── VAR_DECL (w)
        │   └── TYPE (int)
        └── RETURN
            └── INTEGER (0)
