[CASE 1] pass1_shadow_ok.c (expect rc=0 code=none covers=SEM003)

============================================================
 FUNCTION: @main
============================================================

┌── [0] IR ───────────────────────────────────────────────────
func @main() -> i16 {
  slot %slot0 : i16  ; value

bb0:
    %v0 = addr_of %slot0
    *%v0 = 7
    %v1 = addr_of %slot0
    %v2 = *%v1
    ret %v2

bb1:
    ret void
}

┌── [1] STAGE 1: LIVENESS ANALYSIS ──────────────────────
=== liveness: @main ===
  bb0:
    use      = {}
    def      = {%v0, %v1, %v2}
    live_in  = {}
    live_out = {}
    instructions:
      [  0]     %v0 = addr_of %slot0
           live_after = {%v0}
      [  1]     *%v0 = 7
           live_after = {}
      [  2]     %v1 = addr_of %slot0
           live_after = {%v1}
      [  3]     %v2 = *%v1
           live_after = {%v2}
      [  4]     ret %v2
           live_after = {}
  bb1:
    use      = {}
    def      = {}
    live_in  = {}
    live_out = {}
    instructions:
      [  5]     ret void
           live_after = {}

┌── [2] STAGE 2: INTERFERENCE GRAPH ─────────────────────
=== interference: @main ===
  nodes: 3
  edges: 0
  moves: 0
  adjacency:
    %v0 (deg=0): {}
    %v1 (deg=0): {}
    %v2 (deg=0): {}

┌── [3] STAGE 3: PRE-COLORING ───────────────────────────
precolor for @main  (3 vregs):
  %v2 → r1
  call-live vregs (must use callee-saved r8–r12): {}

┌── [4] STAGE 4: REGISTER ALLOCATION ────────────────────
regalloc for @main  (3 vregs):
  %v0    →  r4    [allocated]
  %v1    →  r4    [allocated]
  %v2    →  r1    [precolored]
  spills: none

┌── [5] FINAL IR (physical registers) ───────────────────
func @main() -> i16 {
  slot %slot0 : i16  ; value

bb0:
    r4 = addr_of %slot0
    *r4 = 7
    r4 = addr_of %slot0
    r1 = *r4
    ret r1

bb1:
    ret void
}

Assembly written to output.asm
[PASS] pass1_shadow_ok.c
[CASE 2] pass1_tag_namespace_ok.c (expect rc=0 code=none covers=none)

============================================================
 FUNCTION: @main
============================================================

┌── [0] IR ───────────────────────────────────────────────────
func @main() -> i16 {
  slot %slot0 : i16  ; Ponto

bb0:
    %v0 = addr_of %slot0
    *%v0 = 1
    %v1 = addr_of %slot0
    %v2 = *%v1
    ret %v2

bb1:
    ret void
}

┌── [1] STAGE 1: LIVENESS ANALYSIS ──────────────────────
=== liveness: @main ===
  bb0:
    use      = {}
    def      = {%v0, %v1, %v2}
    live_in  = {}
    live_out = {}
    instructions:
      [  0]     %v0 = addr_of %slot0
           live_after = {%v0}
      [  1]     *%v0 = 1
           live_after = {}
      [  2]     %v1 = addr_of %slot0
           live_after = {%v1}
      [  3]     %v2 = *%v1
           live_after = {%v2}
      [  4]     ret %v2
           live_after = {}
  bb1:
    use      = {}
    def      = {}
    live_in  = {}
    live_out = {}
    instructions:
      [  5]     ret void
           live_after = {}

┌── [2] STAGE 2: INTERFERENCE GRAPH ─────────────────────
=== interference: @main ===
  nodes: 3
  edges: 0
  moves: 0
  adjacency:
    %v0 (deg=0): {}
    %v1 (deg=0): {}
    %v2 (deg=0): {}

┌── [3] STAGE 3: PRE-COLORING ───────────────────────────
precolor for @main  (3 vregs):
  %v2 → r1
  call-live vregs (must use callee-saved r8–r12): {}

┌── [4] STAGE 4: REGISTER ALLOCATION ────────────────────
regalloc for @main  (3 vregs):
  %v0    →  r4    [allocated]
  %v1    →  r4    [allocated]
  %v2    →  r1    [precolored]
  spills: none

┌── [5] FINAL IR (physical registers) ───────────────────
func @main() -> i16 {
  slot %slot0 : i16  ; Ponto

bb0:
    r4 = addr_of %slot0
    *r4 = 1
    r4 = addr_of %slot0
    r1 = *r4
    ret r1

bb1:
    ret void
}

Assembly written to output.asm
[PASS] pass1_tag_namespace_ok.c
[CASE 3] pass2_ok_minimal.c (expect rc=0 code=none covers=none)

============================================================
 FUNCTION: @add
============================================================

┌── [0] IR ───────────────────────────────────────────────────
func @add(i16 %a, i16 %b) -> i16 {
  slot %slot1 : i16  ; b
  slot %slot0 : i16  ; a

bb0:
    %v2 = addr_of %slot0
    *%v2 = %v0
    %v3 = addr_of %slot1
    *%v3 = %v1
    %v4 = addr_of %slot0
    %v5 = *%v4
    %v6 = addr_of %slot1
    %v7 = *%v6
    %v8 = %v5 add %v7
    ret %v8

bb1:
    ret void
}

┌── [1] STAGE 1: LIVENESS ANALYSIS ──────────────────────
=== liveness: @add ===
  bb0:
    use      = {%v0, %v1}
    def      = {%v2, %v3, %v4, %v5, %v6, %v7, %v8}
    live_in  = {%v0, %v1}
    live_out = {}
    instructions:
      [  0]     %v2 = addr_of %slot0
           live_after = {%v0, %v1, %v2}
      [  1]     *%v2 = %v0
           live_after = {%v1}
      [  2]     %v3 = addr_of %slot1
           live_after = {%v1, %v3}
      [  3]     *%v3 = %v1
           live_after = {}
      [  4]     %v4 = addr_of %slot0
           live_after = {%v4}
      [  5]     %v5 = *%v4
           live_after = {%v5}
      [  6]     %v6 = addr_of %slot1
           live_after = {%v5, %v6}
      [  7]     %v7 = *%v6
           live_after = {%v5, %v7}
      [  8]     %v8 = %v5 add %v7
           live_after = {%v8}
      [  9]     ret %v8
           live_after = {}
  bb1:
    use      = {}
    def      = {}
    live_in  = {}
    live_out = {}
    instructions:
      [ 10]     ret void
           live_after = {}

┌── [2] STAGE 2: INTERFERENCE GRAPH ─────────────────────
=== interference: @add ===
  nodes: 9
  edges: 5
  moves: 0
  edge list:
    %v0 -- %v2
    %v1 -- %v2
    %v1 -- %v3
    %v5 -- %v6
    %v5 -- %v7
  adjacency:
    %v0 (deg=1): {%v2}
    %v1 (deg=2): {%v2, %v3}
    %v2 (deg=2): {%v0, %v1}
    %v3 (deg=1): {%v1}
    %v4 (deg=0): {}
    %v5 (deg=2): {%v6, %v7}
    %v6 (deg=1): {%v5}
    %v7 (deg=1): {%v5}
    %v8 (deg=0): {}

┌── [3] STAGE 3: PRE-COLORING ───────────────────────────
precolor for @add  (9 vregs):
  %v0 → r1
  %v1 → r2
  %v8 → r1
  call-live vregs (must use callee-saved r8–r12): {}

┌── [4] STAGE 4: REGISTER ALLOCATION ────────────────────
regalloc for @add  (9 vregs):
  %v0    →  r1    [precolored]
  %v1    →  r2    [precolored]
  %v2    →  r4    [allocated]
  %v3    →  r4    [allocated]
  %v4    →  r4    [allocated]
  %v5    →  r5    [allocated]
  %v6    →  r4    [allocated]
  %v7    →  r4    [allocated]
  %v8    →  r1    [precolored]
  spills: none

┌── [5] FINAL IR (physical registers) ───────────────────
func @add(i16 %a, i16 %b) -> i16 {
  slot %slot1 : i16  ; b
  slot %slot0 : i16  ; a

bb0:
    r4 = addr_of %slot0
    *r4 = r1
    r4 = addr_of %slot1
    *r4 = r2
    r4 = addr_of %slot0
    r5 = *r4
    r4 = addr_of %slot1
    r4 = *r4
    r1 = r5 add r4
    ret r1

bb1:
    ret void
}


============================================================
 FUNCTION: @main
============================================================

┌── [0] IR ───────────────────────────────────────────────────
func @main() -> i16 {
  slot %slot0 : i16  ; out

bb0:
    %v0 = addr_of %slot0
    %v1 = @add(3, 4)
    *%v0 = %v1
    %v2 = addr_of %slot0
    %v3 = *%v2
    ret %v3

bb1:
    ret void
}

┌── [1] STAGE 1: LIVENESS ANALYSIS ──────────────────────
=== liveness: @main ===
  bb0:
    use      = {}
    def      = {%v0, %v1, %v2, %v3}
    live_in  = {}
    live_out = {}
    instructions:
      [  0]     %v0 = addr_of %slot0
           live_after = {%v0}
      [  1]     %v1 = @add(3, 4)
           live_after = {%v0, %v1}
      [  2]     *%v0 = %v1
           live_after = {}
      [  3]     %v2 = addr_of %slot0
           live_after = {%v2}
      [  4]     %v3 = *%v2
           live_after = {%v3}
      [  5]     ret %v3
           live_after = {}
  bb1:
    use      = {}
    def      = {}
    live_in  = {}
    live_out = {}
    instructions:
      [  6]     ret void
           live_after = {}

┌── [2] STAGE 2: INTERFERENCE GRAPH ─────────────────────
=== interference: @main ===
  nodes: 4
  edges: 1
  moves: 0
  edge list:
    %v0 -- %v1
  adjacency:
    %v0 (deg=1): {%v1}
    %v1 (deg=1): {%v0}
    %v2 (deg=0): {}
    %v3 (deg=0): {}

┌── [3] STAGE 3: PRE-COLORING ───────────────────────────
precolor for @main  (4 vregs):
  %v1 → r1
  %v3 → r1
  call-live vregs (must use callee-saved r8–r12): {%v0}

┌── [4] STAGE 4: REGISTER ALLOCATION ────────────────────
regalloc for @main  (4 vregs):
  %v0    →  r8    [callee-saved]
  %v1    →  r1    [precolored]
  %v2    →  r4    [allocated]
  %v3    →  r1    [precolored]
  spills: none

┌── [5] FINAL IR (physical registers) ───────────────────
func @main() -> i16 {
  slot %slot0 : i16  ; out

bb0:
    r8 = addr_of %slot0
    r1 = @add(3, 4)
    *r8 = r1
    r4 = addr_of %slot0
    r1 = *r4
    ret r1

bb1:
    ret void
}

Assembly written to output.asm
[PASS] pass2_ok_minimal.c
[CASE 4] pass2_member_access_ok.c (expect rc=0 code=none covers=none)

============================================================
 FUNCTION: @main
============================================================

┌── [0] IR ───────────────────────────────────────────────────
func @main() -> i16 {
  slot %slot2 : ptr  ; pp
  slot %slot0 : struct<Point>  ; p

bb0:
    %v0 = addr_of %slot0
    %v1 = gep %v0 + 0 * 1
    *%v1 = 1
    %v2 = addr_of %slot2
    %v3 = *%v2
    %v4 = gep %v3 + 1 * 1
    *%v4 = 2
    %v5 = addr_of %slot0
    %v6 = gep %v5 + 0 * 1
    %v7 = *%v6
    %v8 = addr_of %slot2
    %v9 = *%v8
    %v10 = gep %v9 + 1 * 1
    %v11 = *%v10
    %v12 = %v7 add %v11
    ret %v12

bb1:
    ret void
}

┌── [1] STAGE 1: LIVENESS ANALYSIS ──────────────────────
=== liveness: @main ===
  bb0:
    use      = {}
    def      = {%v0, %v1, %v2, %v3, %v4, %v5, %v6, %v7, %v8, %v9, %v10, %v11, %v12}
    live_in  = {}
    live_out = {}
    instructions:
      [  0]     %v0 = addr_of %slot0
           live_after = {%v0}
      [  1]     %v1 = gep %v0 + 0 * 1
           live_after = {%v1}
      [  2]     *%v1 = 1
           live_after = {}
      [  3]     %v2 = addr_of %slot2
           live_after = {%v2}
      [  4]     %v3 = *%v2
           live_after = {%v3}
      [  5]     %v4 = gep %v3 + 1 * 1
           live_after = {%v4}
      [  6]     *%v4 = 2
           live_after = {}
      [  7]     %v5 = addr_of %slot0
           live_after = {%v5}
      [  8]     %v6 = gep %v5 + 0 * 1
           live_after = {%v6}
      [  9]     %v7 = *%v6
           live_after = {%v7}
      [ 10]     %v8 = addr_of %slot2
           live_after = {%v7, %v8}
      [ 11]     %v9 = *%v8
           live_after = {%v7, %v9}
      [ 12]     %v10 = gep %v9 + 1 * 1
           live_after = {%v7, %v10}
      [ 13]     %v11 = *%v10
           live_after = {%v7, %v11}
      [ 14]     %v12 = %v7 add %v11
           live_after = {%v12}
      [ 15]     ret %v12
           live_after = {}
  bb1:
    use      = {}
    def      = {}
    live_in  = {}
    live_out = {}
    instructions:
      [ 16]     ret void
           live_after = {}

┌── [2] STAGE 2: INTERFERENCE GRAPH ─────────────────────
=== interference: @main ===
  nodes: 13
  edges: 4
  moves: 0
  edge list:
    %v7 -- %v8
    %v7 -- %v9
    %v7 -- %v10
    %v7 -- %v11
  adjacency:
    %v0 (deg=0): {}
    %v1 (deg=0): {}
    %v2 (deg=0): {}
    %v3 (deg=0): {}
    %v4 (deg=0): {}
    %v5 (deg=0): {}
    %v6 (deg=0): {}
    %v7 (deg=4): {%v8, %v9, %v10, %v11}
    %v8 (deg=1): {%v7}
    %v9 (deg=1): {%v7}
    %v10 (deg=1): {%v7}
    %v11 (deg=1): {%v7}
    %v12 (deg=0): {}

┌── [3] STAGE 3: PRE-COLORING ───────────────────────────
precolor for @main  (13 vregs):
  %v12 → r1
  call-live vregs (must use callee-saved r8–r12): {}

┌── [4] STAGE 4: REGISTER ALLOCATION ────────────────────
regalloc for @main  (13 vregs):
  %v0    →  r4    [allocated]
  %v1    →  r4    [allocated]
  %v2    →  r4    [allocated]
  %v3    →  r4    [allocated]
  %v4    →  r4    [allocated]
  %v5    →  r4    [allocated]
  %v6    →  r4    [allocated]
  %v7    →  r5    [allocated]
  %v8    →  r4    [allocated]
  %v9    →  r4    [allocated]
  %v10   →  r4    [allocated]
  %v11   →  r4    [allocated]
  %v12   →  r1    [precolored]
  spills: none

┌── [5] FINAL IR (physical registers) ───────────────────
func @main() -> i16 {
  slot %slot2 : ptr  ; pp
  slot %slot0 : struct<Point>  ; p

bb0:
    r4 = addr_of %slot0
    r4 = gep r4 + 0 * 1
    *r4 = 1
    r4 = addr_of %slot2
    r4 = *r4
    r4 = gep r4 + 1 * 1
    *r4 = 2
    r4 = addr_of %slot0
    r4 = gep r4 + 0 * 1
    r5 = *r4
    r4 = addr_of %slot2
    r4 = *r4
    r4 = gep r4 + 1 * 1
    r4 = *r4
    r1 = r5 add r4
    ret r1

bb1:
    ret void
}

Assembly written to output.asm
[PASS] pass2_member_access_ok.c
[CASE 5] pass2_void_param_ok.c (expect rc=0 code=none covers=none)

============================================================
 FUNCTION: @f
============================================================

┌── [0] IR ───────────────────────────────────────────────────
func @f() -> i16 {
bb0:
    ret 0

bb1:
    ret void
}

┌── [1] STAGE 1: LIVENESS ANALYSIS ──────────────────────
=== liveness: @f ===
  bb0:
    use      = {}
    def      = {}
    live_in  = {}
    live_out = {}
    instructions:
      [  0]     ret 0
           live_after = {}
  bb1:
    use      = {}
    def      = {}
    live_in  = {}
    live_out = {}
    instructions:
      [  1]     ret void
           live_after = {}

┌── [2] STAGE 2: INTERFERENCE GRAPH ─────────────────────
=== interference: @f ===
  nodes: 0
  edges: 0
  moves: 0
  adjacency:

┌── [3] STAGE 3: PRE-COLORING ───────────────────────────
precolor for @f  (0 vregs):
  (none)
  call-live vregs (must use callee-saved r8–r12): {}

┌── [4] STAGE 4: REGISTER ALLOCATION ────────────────────
regalloc for @f  (0 vregs):
  spills: none

┌── [5] FINAL IR (physical registers) ───────────────────
func @f() -> i16 {
bb0:
    ret 0

bb1:
    ret void
}


============================================================
 FUNCTION: @main
============================================================

┌── [0] IR ───────────────────────────────────────────────────
func @main() -> i16 {
bb0:
    %v0 = @f()
    ret %v0

bb1:
    ret void
}

┌── [1] STAGE 1: LIVENESS ANALYSIS ──────────────────────
=== liveness: @main ===
  bb0:
    use      = {}
    def      = {%v0}
    live_in  = {}
    live_out = {}
    instructions:
      [  0]     %v0 = @f()
           live_after = {%v0}
      [  1]     ret %v0
           live_after = {}
  bb1:
    use      = {}
    def      = {}
    live_in  = {}
    live_out = {}
    instructions:
      [  2]     ret void
           live_after = {}

┌── [2] STAGE 2: INTERFERENCE GRAPH ─────────────────────
=== interference: @main ===
  nodes: 1
  edges: 0
  moves: 0
  adjacency:
    %v0 (deg=0): {}

┌── [3] STAGE 3: PRE-COLORING ───────────────────────────
precolor for @main  (1 vreg):
  %v0 → r1
  call-live vregs (must use callee-saved r8–r12): {}

┌── [4] STAGE 4: REGISTER ALLOCATION ────────────────────
regalloc for @main  (1 vreg):
  %v0    →  r1    [precolored]
  spills: none

┌── [5] FINAL IR (physical registers) ───────────────────
func @main() -> i16 {
bb0:
    r1 = @f()
    ret r1

bb1:
    ret void
}

Assembly written to output.asm
[PASS] pass2_void_param_ok.c
[CASE 6] pass2_tag_shadow_ok.c (expect rc=0 code=none covers=none)

============================================================
 FUNCTION: @main
============================================================

┌── [0] IR ───────────────────────────────────────────────────
func @main() -> i16 {
  slot %slot0 : struct<P>  ; p

bb0:
    %v0 = addr_of %slot0
    %v1 = gep %v0 + 0 * 1
    %v2 = *%v1
    ret %v2

bb1:
    ret void
}

┌── [1] STAGE 1: LIVENESS ANALYSIS ──────────────────────
=== liveness: @main ===
  bb0:
    use      = {}
    def      = {%v0, %v1, %v2}
    live_in  = {}
    live_out = {}
    instructions:
      [  0]     %v0 = addr_of %slot0
           live_after = {%v0}
      [  1]     %v1 = gep %v0 + 0 * 1
           live_after = {%v1}
      [  2]     %v2 = *%v1
           live_after = {%v2}
      [  3]     ret %v2
           live_after = {}
  bb1:
    use      = {}
    def      = {}
    live_in  = {}
    live_out = {}
    instructions:
      [  4]     ret void
           live_after = {}

┌── [2] STAGE 2: INTERFERENCE GRAPH ─────────────────────
=== interference: @main ===
  nodes: 3
  edges: 0
  moves: 0
  adjacency:
    %v0 (deg=0): {}
    %v1 (deg=0): {}
    %v2 (deg=0): {}

┌── [3] STAGE 3: PRE-COLORING ───────────────────────────
precolor for @main  (3 vregs):
  %v2 → r1
  call-live vregs (must use callee-saved r8–r12): {}

┌── [4] STAGE 4: REGISTER ALLOCATION ────────────────────
regalloc for @main  (3 vregs):
  %v0    →  r4    [allocated]
  %v1    →  r4    [allocated]
  %v2    →  r1    [precolored]
  spills: none

┌── [5] FINAL IR (physical registers) ───────────────────
func @main() -> i16 {
  slot %slot0 : struct<P>  ; p

bb0:
    r4 = addr_of %slot0
    r4 = gep r4 + 0 * 1
    r1 = *r4
    ret r1

bb1:
    ret void
}

Assembly written to output.asm
[PASS] pass2_tag_shadow_ok.c
[CASE 7] pass1_redecl_fail.c (expect rc=2 code=SEM002 covers=SEM002)

============================================================
 FUNCTION: @main
============================================================

┌── [0] IR ───────────────────────────────────────────────────
func @main() -> i16 {
  slot %slot0 : i16  ; a

bb0:
    ret 0

bb1:
    ret void
}

┌── [1] STAGE 1: LIVENESS ANALYSIS ──────────────────────
=== liveness: @main ===
  bb0:
    use      = {}
    def      = {}
    live_in  = {}
    live_out = {}
    instructions:
      [  0]     ret 0
           live_after = {}
  bb1:
    use      = {}
    def      = {}
    live_in  = {}
    live_out = {}
    instructions:
      [  1]     ret void
           live_after = {}

┌── [2] STAGE 2: INTERFERENCE GRAPH ─────────────────────
=== interference: @main ===
  nodes: 0
  edges: 0
  moves: 0
  adjacency:

┌── [3] STAGE 3: PRE-COLORING ───────────────────────────
precolor for @main  (0 vregs):
  (none)
  call-live vregs (must use callee-saved r8–r12): {}

┌── [4] STAGE 4: REGISTER ALLOCATION ────────────────────
regalloc for @main  (0 vregs):
  spills: none

┌── [5] FINAL IR (physical registers) ───────────────────
func @main() -> i16 {
  slot %slot0 : i16  ; a

bb0:
    ret 0

bb1:
    ret void
}

Assembly written to output.asm
/home/rusbini25/2Semester/ProjetoGitHub/processor/test_files/semantic_checks/programs/pass1_redecl_fail.c:3:0: error: SEM002: redeclaration in same scope
[FAIL] pass1_redecl_fail.c exit=0 expected=2
