Copyright 1986-2022 Xilinx, Inc. All Rights Reserved. Copyright 2022-2025 Advanced Micro Devices, Inc. All Rights Reserved.
--------------------------------------------------------------------------------------------------------------------------------------------------------------------
| Tool Version : Vivado v.2025.1 (lin64) Build 6140274 Wed May 21 22:58:25 MDT 2025
| Date         : Mon Mar 23 08:38:04 2026
| Host         : panda running 64-bit Ubuntu 22.04.5 LTS
| Command      : report_methodology -file controller_methodology_drc_routed.rpt -pb controller_methodology_drc_routed.pb -rpx controller_methodology_drc_routed.rpx
| Design       : controller
| Device       : xc7z010clg400-1
| Speed File   : -1
| Design State : Fully Routed
--------------------------------------------------------------------------------------------------------------------------------------------------------------------

Report Methodology

Table of Contents
-----------------
1. REPORT SUMMARY
2. REPORT DETAILS

1. REPORT SUMMARY
-----------------
            Netlist: netlist
          Floorplan: design_1
      Design limits: <entire design considered>
             Max checks: <unlimited>
             Checks found: 18
+-----------+----------+------------------------------------------------------+--------+
| Rule      | Severity | Description                                          | Checks |
+-----------+----------+------------------------------------------------------+--------+
| TIMING-9  | Warning  | Unknown CDC Logic                                    | 1      |
| TIMING-10 | Warning  | Missing property on synchronizer                     | 1      |
| TIMING-28 | Warning  | Auto-derived clock referenced by a timing constraint | 2      |
| XDCH-2    | Warning  | Same min and max delay values on IO port             | 14     |
+-----------+----------+------------------------------------------------------+--------+

2. REPORT DETAILS
-----------------
TIMING-9#1 Warning
Unknown CDC Logic  
One or more asynchronous Clock Domain Crossing has been detected between 2 clock domains through a set_false_path or a set_clock_groups or set_max_delay -datapath_only constraint but no double-registers logic synchronizer has been found on the side of the capture clock. It is recommended to run report_cdc for a complete and detailed CDC coverage. Please consider using XPM_CDC to avoid Critical severities
Related violations: <none>

TIMING-10#1 Warning
Missing property on synchronizer  
One or more logic synchronizer has been detected between 2 clock domains but the synchronizer does not have the property ASYNC_REG defined on one or both registers. It is recommended to run report_cdc for a complete and detailed CDC coverage
Related violations: <none>

TIMING-28#1 Warning
Auto-derived clock referenced by a timing constraint  
The auto-derived clock clk_out2_clk_wiz_0 is referenced by name inside timing constraint (see constraint position 7 in the Timing Constraint window in Vivado IDE). It is recommended to reference an auto-derived clock by the pin name attached to the clock: get_clocks -of_objects [get_pins u_clk_wiz/inst/mmcm_adv_inst/CLKOUT1]
Related violations: <none>

TIMING-28#2 Warning
Auto-derived clock referenced by a timing constraint  
The auto-derived clock clk_out2_clk_wiz_0 is referenced by name inside timing constraint (see constraint position 8 in the Timing Constraint window in Vivado IDE). It is recommended to reference an auto-derived clock by the pin name attached to the clock: get_clocks -of_objects [get_pins u_clk_wiz/inst/mmcm_adv_inst/CLKOUT1]
Related violations: <none>

XDCH-2#1 Warning
Same min and max delay values on IO port  
The same output delay of 0.000 ns has been defined on port 'o_hsync' relative to clock clk_out2_clk_wiz_0 for both max and min. Make sure this reflects the design intent.
set_output_delay -clock [get_clocks clk_out2_clk_wiz_0] -min 0.000 [get_ports {{o_vga_red[*]} {o_vga_green[*]} {o_vga_blue[*]} o_hsync o_vsync}]
/home/mariana/Desktop/project_2nd_Semester/processor/VGA_cararter_display.srcs/constrs_1/imports/constraints/constraintsPins.xdc (Line: 57)
Related violations: <none>

XDCH-2#2 Warning
Same min and max delay values on IO port  
The same output delay of 0.000 ns has been defined on port 'o_vga_blue[0]' relative to clock clk_out2_clk_wiz_0 for both max and min. Make sure this reflects the design intent.
set_output_delay -clock [get_clocks clk_out2_clk_wiz_0] -min 0.000 [get_ports {{o_vga_red[*]} {o_vga_green[*]} {o_vga_blue[*]} o_hsync o_vsync}]
/home/mariana/Desktop/project_2nd_Semester/processor/VGA_cararter_display.srcs/constrs_1/imports/constraints/constraintsPins.xdc (Line: 57)
Related violations: <none>

XDCH-2#3 Warning
Same min and max delay values on IO port  
The same output delay of 0.000 ns has been defined on port 'o_vga_blue[1]' relative to clock clk_out2_clk_wiz_0 for both max and min. Make sure this reflects the design intent.
set_output_delay -clock [get_clocks clk_out2_clk_wiz_0] -min 0.000 [get_ports {{o_vga_red[*]} {o_vga_green[*]} {o_vga_blue[*]} o_hsync o_vsync}]
/home/mariana/Desktop/project_2nd_Semester/processor/VGA_cararter_display.srcs/constrs_1/imports/constraints/constraintsPins.xdc (Line: 57)
Related violations: <none>

XDCH-2#4 Warning
Same min and max delay values on IO port  
The same output delay of 0.000 ns has been defined on port 'o_vga_blue[2]' relative to clock clk_out2_clk_wiz_0 for both max and min. Make sure this reflects the design intent.
set_output_delay -clock [get_clocks clk_out2_clk_wiz_0] -min 0.000 [get_ports {{o_vga_red[*]} {o_vga_green[*]} {o_vga_blue[*]} o_hsync o_vsync}]
/home/mariana/Desktop/project_2nd_Semester/processor/VGA_cararter_display.srcs/constrs_1/imports/constraints/constraintsPins.xdc (Line: 57)
Related violations: <none>

XDCH-2#5 Warning
Same min and max delay values on IO port  
The same output delay of 0.000 ns has been defined on port 'o_vga_blue[3]' relative to clock clk_out2_clk_wiz_0 for both max and min. Make sure this reflects the design intent.
set_output_delay -clock [get_clocks clk_out2_clk_wiz_0] -min 0.000 [get_ports {{o_vga_red[*]} {o_vga_green[*]} {o_vga_blue[*]} o_hsync o_vsync}]
/home/mariana/Desktop/project_2nd_Semester/processor/VGA_cararter_display.srcs/constrs_1/imports/constraints/constraintsPins.xdc (Line: 57)
Related violations: <none>

XDCH-2#6 Warning
Same min and max delay values on IO port  
The same output delay of 0.000 ns has been defined on port 'o_vga_green[0]' relative to clock clk_out2_clk_wiz_0 for both max and min. Make sure this reflects the design intent.
set_output_delay -clock [get_clocks clk_out2_clk_wiz_0] -min 0.000 [get_ports {{o_vga_red[*]} {o_vga_green[*]} {o_vga_blue[*]} o_hsync o_vsync}]
/home/mariana/Desktop/project_2nd_Semester/processor/VGA_cararter_display.srcs/constrs_1/imports/constraints/constraintsPins.xdc (Line: 57)
Related violations: <none>

XDCH-2#7 Warning
Same min and max delay values on IO port  
The same output delay of 0.000 ns has been defined on port 'o_vga_green[1]' relative to clock clk_out2_clk_wiz_0 for both max and min. Make sure this reflects the design intent.
set_output_delay -clock [get_clocks clk_out2_clk_wiz_0] -min 0.000 [get_ports {{o_vga_red[*]} {o_vga_green[*]} {o_vga_blue[*]} o_hsync o_vsync}]
/home/mariana/Desktop/project_2nd_Semester/processor/VGA_cararter_display.srcs/constrs_1/imports/constraints/constraintsPins.xdc (Line: 57)
Related violations: <none>

XDCH-2#8 Warning
Same min and max delay values on IO port  
The same output delay of 0.000 ns has been defined on port 'o_vga_green[2]' relative to clock clk_out2_clk_wiz_0 for both max and min. Make sure this reflects the design intent.
set_output_delay -clock [get_clocks clk_out2_clk_wiz_0] -min 0.000 [get_ports {{o_vga_red[*]} {o_vga_green[*]} {o_vga_blue[*]} o_hsync o_vsync}]
/home/mariana/Desktop/project_2nd_Semester/processor/VGA_cararter_display.srcs/constrs_1/imports/constraints/constraintsPins.xdc (Line: 57)
Related violations: <none>

XDCH-2#9 Warning
Same min and max delay values on IO port  
The same output delay of 0.000 ns has been defined on port 'o_vga_green[3]' relative to clock clk_out2_clk_wiz_0 for both max and min. Make sure this reflects the design intent.
set_output_delay -clock [get_clocks clk_out2_clk_wiz_0] -min 0.000 [get_ports {{o_vga_red[*]} {o_vga_green[*]} {o_vga_blue[*]} o_hsync o_vsync}]
/home/mariana/Desktop/project_2nd_Semester/processor/VGA_cararter_display.srcs/constrs_1/imports/constraints/constraintsPins.xdc (Line: 57)
Related violations: <none>

XDCH-2#10 Warning
Same min and max delay values on IO port  
The same output delay of 0.000 ns has been defined on port 'o_vga_red[0]' relative to clock clk_out2_clk_wiz_0 for both max and min. Make sure this reflects the design intent.
set_output_delay -clock [get_clocks clk_out2_clk_wiz_0] -min 0.000 [get_ports {{o_vga_red[*]} {o_vga_green[*]} {o_vga_blue[*]} o_hsync o_vsync}]
/home/mariana/Desktop/project_2nd_Semester/processor/VGA_cararter_display.srcs/constrs_1/imports/constraints/constraintsPins.xdc (Line: 57)
Related violations: <none>

XDCH-2#11 Warning
Same min and max delay values on IO port  
The same output delay of 0.000 ns has been defined on port 'o_vga_red[1]' relative to clock clk_out2_clk_wiz_0 for both max and min. Make sure this reflects the design intent.
set_output_delay -clock [get_clocks clk_out2_clk_wiz_0] -min 0.000 [get_ports {{o_vga_red[*]} {o_vga_green[*]} {o_vga_blue[*]} o_hsync o_vsync}]
/home/mariana/Desktop/project_2nd_Semester/processor/VGA_cararter_display.srcs/constrs_1/imports/constraints/constraintsPins.xdc (Line: 57)
Related violations: <none>

XDCH-2#12 Warning
Same min and max delay values on IO port  
The same output delay of 0.000 ns has been defined on port 'o_vga_red[2]' relative to clock clk_out2_clk_wiz_0 for both max and min. Make sure this reflects the design intent.
set_output_delay -clock [get_clocks clk_out2_clk_wiz_0] -min 0.000 [get_ports {{o_vga_red[*]} {o_vga_green[*]} {o_vga_blue[*]} o_hsync o_vsync}]
/home/mariana/Desktop/project_2nd_Semester/processor/VGA_cararter_display.srcs/constrs_1/imports/constraints/constraintsPins.xdc (Line: 57)
Related violations: <none>

XDCH-2#13 Warning
Same min and max delay values on IO port  
The same output delay of 0.000 ns has been defined on port 'o_vga_red[3]' relative to clock clk_out2_clk_wiz_0 for both max and min. Make sure this reflects the design intent.
set_output_delay -clock [get_clocks clk_out2_clk_wiz_0] -min 0.000 [get_ports {{o_vga_red[*]} {o_vga_green[*]} {o_vga_blue[*]} o_hsync o_vsync}]
/home/mariana/Desktop/project_2nd_Semester/processor/VGA_cararter_display.srcs/constrs_1/imports/constraints/constraintsPins.xdc (Line: 57)
Related violations: <none>

XDCH-2#14 Warning
Same min and max delay values on IO port  
The same output delay of 0.000 ns has been defined on port 'o_vsync' relative to clock clk_out2_clk_wiz_0 for both max and min. Make sure this reflects the design intent.
set_output_delay -clock [get_clocks clk_out2_clk_wiz_0] -min 0.000 [get_ports {{o_vga_red[*]} {o_vga_green[*]} {o_vga_blue[*]} o_hsync o_vsync}]
/home/mariana/Desktop/project_2nd_Semester/processor/VGA_cararter_display.srcs/constrs_1/imports/constraints/constraintsPins.xdc (Line: 57)
Related violations: <none>


