#-----------------------------------------------------------
# Vivado v2025.1 (64-bit)
# SW Build 6140274 on Wed May 21 22:58:25 MDT 2025
# IP Build 6138677 on Thu May 22 03:10:11 MDT 2025
# SharedData Build 6139179 on Tue May 20 17:58:58 MDT 2025
# Start of session at: Fri Mar 20 10:10:51 2026
# Process ID         : 497231
# Current directory  : /home/mariana/Desktop/Peripherals/VGA_img/vgaIMG/vgaIMG.runs/ila_0_synth_1
# Command line       : vivado -log ila_0.vds -product Vivado -mode batch -messageDb vivado.pb -notrace -source ila_0.tcl
# Log file           : /home/mariana/Desktop/Peripherals/VGA_img/vgaIMG/vgaIMG.runs/ila_0_synth_1/ila_0.vds
# Journal file       : /home/mariana/Desktop/Peripherals/VGA_img/vgaIMG/vgaIMG.runs/ila_0_synth_1/vivado.jou
# Running On         : panda
# Platform           : Ubuntu
# Operating System   : Ubuntu 22.04.5 LTS
# Processor Detail   : AMD Ryzen AI 9 365 w/ Radeon 880M
# CPU Frequency      : 4292.371 MHz
# CPU Physical cores : 10
# CPU Logical cores  : 20
# Host memory        : 32715 MB
# Swap memory        : 2147 MB
# Total Virtual      : 34863 MB
# Available Virtual  : 27299 MB
#-----------------------------------------------------------
source ila_0.tcl -notrace
