#-----------------------------------------------------------
# Vivado v2025.1 (64-bit)
# SW Build 6140274 on Wed May 21 22:58:25 MDT 2025
# IP Build 6138677 on Thu May 22 03:10:11 MDT 2025
# SharedData Build 6139179 on Tue May 20 17:58:58 MDT 2025
# Start of session at: Wed Mar 18 18:25:00 2026
# Process ID         : 28723
# Current directory  : /home/mendes/VGA_cararter_display/VGA_cararter_display.runs/synth_1
# Command line       : vivado -log controller.vds -product Vivado -mode batch -messageDb vivado.pb -notrace -source controller.tcl
# Log file           : /home/mendes/VGA_cararter_display/VGA_cararter_display.runs/synth_1/controller.vds
# Journal file       : /home/mendes/VGA_cararter_display/VGA_cararter_display.runs/synth_1/vivado.jou
# Running On         : mendes-Katana-GF66-12UGS
# Platform           : Ubuntu
# Operating System   : Ubuntu 22.04.5 LTS
# Processor Detail   : 12th Gen Intel(R) Core(TM) i7-12700H
# CPU Frequency      : 1341.507 MHz
# CPU Physical cores : 14
# CPU Logical cores  : 20
# Host memory        : 16455 MB
# Swap memory        : 2147 MB
# Total Virtual      : 18603 MB
# Available Virtual  : 11812 MB
#-----------------------------------------------------------
source controller.tcl -notrace
